Archive member included to satisfy reference by file (symbol)

c:/st/stm32cubeide_1.0.0/stm32cubeide/plugins/com.st.stm32cube.ide.mcu.externaltools.gnu-tools-for-stm32.7-2018-q2-update.win32_1.0.0.201904181610/tools/bin/../lib/gcc/arm-none-eabi/7.3.1/../../../../arm-none-eabi/lib/thumb/v7e-m\libc_nano.a(lib_a-errno.o)
                              Startup/syscalls.o (__errno)
c:/st/stm32cubeide_1.0.0/stm32cubeide/plugins/com.st.stm32cube.ide.mcu.externaltools.gnu-tools-for-stm32.7-2018-q2-update.win32_1.0.0.201904181610/tools/bin/../lib/gcc/arm-none-eabi/7.3.1/../../../../arm-none-eabi/lib/thumb/v7e-m\libc_nano.a(lib_a-exit.o)
                              c:/st/stm32cubeide_1.0.0/stm32cubeide/plugins/com.st.stm32cube.ide.mcu.externaltools.gnu-tools-for-stm32.7-2018-q2-update.win32_1.0.0.201904181610/tools/bin/../lib/gcc/arm-none-eabi/7.3.1/../../../../arm-none-eabi/lib/thumb/v7e-m/crt0.o (exit)
c:/st/stm32cubeide_1.0.0/stm32cubeide/plugins/com.st.stm32cube.ide.mcu.externaltools.gnu-tools-for-stm32.7-2018-q2-update.win32_1.0.0.201904181610/tools/bin/../lib/gcc/arm-none-eabi/7.3.1/../../../../arm-none-eabi/lib/thumb/v7e-m\libc_nano.a(lib_a-impure.o)
                              c:/st/stm32cubeide_1.0.0/stm32cubeide/plugins/com.st.stm32cube.ide.mcu.externaltools.gnu-tools-for-stm32.7-2018-q2-update.win32_1.0.0.201904181610/tools/bin/../lib/gcc/arm-none-eabi/7.3.1/../../../../arm-none-eabi/lib/thumb/v7e-m\libc_nano.a(lib_a-exit.o) (_global_impure_ptr)
c:/st/stm32cubeide_1.0.0/stm32cubeide/plugins/com.st.stm32cube.ide.mcu.externaltools.gnu-tools-for-stm32.7-2018-q2-update.win32_1.0.0.201904181610/tools/bin/../lib/gcc/arm-none-eabi/7.3.1/../../../../arm-none-eabi/lib/thumb/v7e-m\libc_nano.a(lib_a-init.o)
                              c:/st/stm32cubeide_1.0.0/stm32cubeide/plugins/com.st.stm32cube.ide.mcu.externaltools.gnu-tools-for-stm32.7-2018-q2-update.win32_1.0.0.201904181610/tools/bin/../lib/gcc/arm-none-eabi/7.3.1/../../../../arm-none-eabi/lib/thumb/v7e-m/crt0.o (__libc_init_array)
c:/st/stm32cubeide_1.0.0/stm32cubeide/plugins/com.st.stm32cube.ide.mcu.externaltools.gnu-tools-for-stm32.7-2018-q2-update.win32_1.0.0.201904181610/tools/bin/../lib/gcc/arm-none-eabi/7.3.1/../../../../arm-none-eabi/lib/thumb/v7e-m\libc_nano.a(lib_a-memset.o)
                              c:/st/stm32cubeide_1.0.0/stm32cubeide/plugins/com.st.stm32cube.ide.mcu.externaltools.gnu-tools-for-stm32.7-2018-q2-update.win32_1.0.0.201904181610/tools/bin/../lib/gcc/arm-none-eabi/7.3.1/../../../../arm-none-eabi/lib/thumb/v7e-m/crt0.o (memset)
c:/st/stm32cubeide_1.0.0/stm32cubeide/plugins/com.st.stm32cube.ide.mcu.externaltools.gnu-tools-for-stm32.7-2018-q2-update.win32_1.0.0.201904181610/tools/bin/../lib/gcc/arm-none-eabi/7.3.1/../../../../arm-none-eabi/lib/thumb/v7e-m\libc_nano.a(lib_a-strlen.o)
                              OLED_Drivers/Src/fonts.o (strlen)

Allocating common symbols
Common symbol       size              file

I2C1Handle          0x28              Src/201_I2C_Master_Tx_Testing.o

Discarded input sections

 .text          0x0000000000000000        0x0 c:/st/stm32cubeide_1.0.0/stm32cubeide/plugins/com.st.stm32cube.ide.mcu.externaltools.gnu-tools-for-stm32.7-2018-q2-update.win32_1.0.0.201904181610/tools/bin/../lib/gcc/arm-none-eabi/7.3.1/thumb/v7e-m/crti.o
 .data          0x0000000000000000        0x0 c:/st/stm32cubeide_1.0.0/stm32cubeide/plugins/com.st.stm32cube.ide.mcu.externaltools.gnu-tools-for-stm32.7-2018-q2-update.win32_1.0.0.201904181610/tools/bin/../lib/gcc/arm-none-eabi/7.3.1/thumb/v7e-m/crti.o
 .bss           0x0000000000000000        0x0 c:/st/stm32cubeide_1.0.0/stm32cubeide/plugins/com.st.stm32cube.ide.mcu.externaltools.gnu-tools-for-stm32.7-2018-q2-update.win32_1.0.0.201904181610/tools/bin/../lib/gcc/arm-none-eabi/7.3.1/thumb/v7e-m/crti.o
 .data          0x0000000000000000        0x4 c:/st/stm32cubeide_1.0.0/stm32cubeide/plugins/com.st.stm32cube.ide.mcu.externaltools.gnu-tools-for-stm32.7-2018-q2-update.win32_1.0.0.201904181610/tools/bin/../lib/gcc/arm-none-eabi/7.3.1/thumb/v7e-m/crtbegin.o
 .text          0x0000000000000000       0x74 c:/st/stm32cubeide_1.0.0/stm32cubeide/plugins/com.st.stm32cube.ide.mcu.externaltools.gnu-tools-for-stm32.7-2018-q2-update.win32_1.0.0.201904181610/tools/bin/../lib/gcc/arm-none-eabi/7.3.1/../../../../arm-none-eabi/lib/thumb/v7e-m/crt0.o
 .data          0x0000000000000000        0x0 c:/st/stm32cubeide_1.0.0/stm32cubeide/plugins/com.st.stm32cube.ide.mcu.externaltools.gnu-tools-for-stm32.7-2018-q2-update.win32_1.0.0.201904181610/tools/bin/../lib/gcc/arm-none-eabi/7.3.1/../../../../arm-none-eabi/lib/thumb/v7e-m/crt0.o
 .bss           0x0000000000000000        0x0 c:/st/stm32cubeide_1.0.0/stm32cubeide/plugins/com.st.stm32cube.ide.mcu.externaltools.gnu-tools-for-stm32.7-2018-q2-update.win32_1.0.0.201904181610/tools/bin/../lib/gcc/arm-none-eabi/7.3.1/../../../../arm-none-eabi/lib/thumb/v7e-m/crt0.o
[...]
Memory Configuration

Name             Origin             Length             Attributes
ROM              0x0000000008000000 0x0000000000100000 xr
RAM              0x0000000020000000 0x0000000000020000 xrw
*default*        0x0000000000000000 0xffffffffffffffff

Linker script and memory map

LOAD c:/st/stm32cubeide_1.0.0/stm32cubeide/plugins/com.st.stm32cube.ide.mcu.externaltools.gnu-tools-for-stm32.7-2018-q2-update.win32_1.0.0.201904181610/tools/bin/../lib/gcc/arm-none-eabi/7.3.1/thumb/v7e-m/crti.o
LOAD c:/st/stm32cubeide_1.0.0/stm32cubeide/plugins/com.st.stm32cube.ide.mcu.externaltools.gnu-tools-for-stm32.7-2018-q2-update.win32_1.0.0.201904181610/tools/bin/../lib/gcc/arm-none-eabi/7.3.1/thumb/v7e-m/crtbegin.o
LOAD c:/st/stm32cubeide_1.0.0/stm32cubeide/plugins/com.st.stm32cube.ide.mcu.externaltools.gnu-tools-for-stm32.7-2018-q2-update.win32_1.0.0.201904181610/tools/bin/../lib/gcc/arm-none-eabi/7.3.1/../../../../arm-none-eabi/lib/thumb/v7e-m/crt0.o
LOAD Drivers/Src/stm32f407xxgpio_drivers.o
LOAD Drivers/Src/stm32f407xxi2c_drivers.o
LOAD Drivers/Src/stm32f407xxrcc_drivers.o
LOAD Drivers/Src/stm32f407xxspi_drivers.o
LOAD Drivers/Src/stm32f407xxusart_drivers.o
LOAD OLED_Drivers/Src/fonts.o
LOAD OLED_Drivers/Src/ssd1306.o
LOAD OLED_Drivers/Src/test.o
LOAD Src/201_I2C_Master_Tx_Testing.o
LOAD Startup/startup_stm32f407vgtx.o
LOAD Startup/syscalls.o
LOAD Startup/sysmem.o
START GROUP
LOAD c:/st/stm32cubeide_1.0.0/stm32cubeide/plugins/com.st.stm32cube.ide.mcu.externaltools.gnu-tools-for-stm32.7-2018-q2-update.win32_1.0.0.201904181610/tools/bin/../lib/gcc/arm-none-eabi/7.3.1/../../../../arm-none-eabi/lib/thumb/v7e-m\libc_nano.a
LOAD c:/st/stm32cubeide_1.0.0/stm32cubeide/plugins/com.st.stm32cube.ide.mcu.externaltools.gnu-tools-for-stm32.7-2018-q2-update.win32_1.0.0.201904181610/tools/bin/../lib/gcc/arm-none-eabi/7.3.1/../../../../arm-none-eabi/lib/thumb/v7e-m\libm.a
END GROUP
START GROUP
LOAD c:/st/stm32cubeide_1.0.0/stm32cubeide/plugins/com.st.stm32cube.ide.mcu.externaltools.gnu-tools-for-stm32.7-2018-q2-update.win32_1.0.0.201904181610/tools/bin/../lib/gcc/arm-none-eabi/7.3.1/thumb/v7e-m\libgcc.a
LOAD c:/st/stm32cubeide_1.0.0/stm32cubeide/plugins/com.st.stm32cube.ide.mcu.externaltools.gnu-tools-for-stm32.7-2018-q2-update.win32_1.0.0.201904181610/tools/bin/../lib/gcc/arm-none-eabi/7.3.1/../../../../arm-none-eabi/lib/thumb/v7e-m\libc_nano.a
END GROUP
START GROUP
LOAD c:/st/stm32cubeide_1.0.0/stm32cubeide/plugins/com.st.stm32cube.ide.mcu.externaltools.gnu-tools-for-stm32.7-2018-q2-update.win32_1.0.0.201904181610/tools/bin/../lib/gcc/arm-none-eabi/7.3.1/thumb/v7e-m\libgcc.a
LOAD c:/st/stm32cubeide_1.0.0/stm32cubeide/plugins/com.st.stm32cube.ide.mcu.externaltools.gnu-tools-for-stm32.7-2018-q2-update.win32_1.0.0.201904181610/tools/bin/../lib/gcc/arm-none-eabi/7.3.1/../../../../arm-none-eabi/lib/thumb/v7e-m\libc_nano.a
LOAD c:/st/stm32cubeide_1.0.0/stm32cubeide/plugins/com.st.stm32cube.ide.mcu.externaltools.gnu-tools-for-stm32.7-2018-q2-update.win32_1.0.0.201904181610/tools/bin/../lib/gcc/arm-none-eabi/7.3.1/../../../../arm-none-eabi/lib/thumb/v7e-m\libnosys.a
END GROUP
START GROUP
LOAD c:/st/stm32cubeide_1.0.0/stm32cubeide/plugins/com.st.stm32cube.ide.mcu.externaltools.gnu-tools-for-stm32.7-2018-q2-update.win32_1.0.0.201904181610/tools/bin/../lib/gcc/arm-none-eabi/7.3.1/thumb/v7e-m\libgcc.a
LOAD c:/st/stm32cubeide_1.0.0/stm32cubeide/plugins/com.st.stm32cube.ide.mcu.externaltools.gnu-tools-for-stm32.7-2018-q2-update.win32_1.0.0.201904181610/tools/bin/../lib/gcc/arm-none-eabi/7.3.1/../../../../arm-none-eabi/lib/thumb/v7e-m\libc_nano.a
LOAD c:/st/stm32cubeide_1.0.0/stm32cubeide/plugins/com.st.stm32cube.ide.mcu.externaltools.gnu-tools-for-stm32.7-2018-q2-update.win32_1.0.0.201904181610/tools/bin/../lib/gcc/arm-none-eabi/7.3.1/../../../../arm-none-eabi/lib/thumb/v7e-m\libnosys.a
END GROUP
LOAD c:/st/stm32cubeide_1.0.0/stm32cubeide/plugins/com.st.stm32cube.ide.mcu.externaltools.gnu-tools-for-stm32.7-2018-q2-update.win32_1.0.0.201904181610/tools/bin/../lib/gcc/arm-none-eabi/7.3.1/thumb/v7e-m/crtend.o
LOAD c:/st/stm32cubeide_1.0.0/stm32cubeide/plugins/com.st.stm32cube.ide.mcu.externaltools.gnu-tools-for-stm32.7-2018-q2-update.win32_1.0.0.201904181610/tools/bin/../lib/gcc/arm-none-eabi/7.3.1/thumb/v7e-m/crtn.o
                0x000000002001ffff                _estack = 0x2001ffff
                0x0000000000000200                _Min_Heap_Size = 0x200
                0x0000000000000400                _Min_Stack_Size = 0x400

.isr_vector     0x0000000008000000      0x1a8
                0x0000000008000000                . = ALIGN (0x4)
 *(.isr_vector)
 .isr_vector    0x0000000008000000      0x1a8 Startup/startup_stm32f407vgtx.o
                0x0000000008000000                g_pfnVectors
                0x00000000080001a8                . = ALIGN (0x4)

.text           0x00000000080001a8     0x1258
                0x00000000080001a8                . = ALIGN (0x4)
 *(.text)
 .text          0x00000000080001a8       0x40 c:/st/stm32cubeide_1.0.0/stm32cubeide/plugins/com.st.stm32cube.ide.mcu.externaltools.gnu-tools-for-stm32.7-2018-q2-update.win32_1.0.0.201904181610/tools/bin/../lib/gcc/arm-none-eabi/7.3.1/thumb/v7e-m/crtbegin.o
 *(.text*)
 .text.GPIO_PClkCtrl
                0x00000000080001e8      0x1d4 Drivers/Src/stm32f407xxgpio_drivers.o
                0x00000000080001e8                GPIO_PClkCtrl
 .text.GPIO_Init
                0x00000000080003bc      0x324 Drivers/Src/stm32f407xxgpio_drivers.o
                0x00000000080003bc                GPIO_Init
 .text.I2C_PClkCtrl
                0x00000000080006e0       0xb4 Drivers/Src/stm32f407xxi2c_drivers.o
                0x00000000080006e0                I2C_PClkCtrl
 .text.I2C_Init
                0x0000000008000794      0x150 Drivers/Src/stm32f407xxi2c_drivers.o
                0x0000000008000794                I2C_Init
 .text.I2C_MasterSendData
                0x00000000080008e4       0xce Drivers/Src/stm32f407xxi2c_drivers.o
                0x00000000080008e4                I2C_MasterSendData
 .text.I2C_PCtrl
                0x00000000080009b2       0x36 Drivers/Src/stm32f407xxi2c_drivers.o
                0x00000000080009b2                I2C_PCtrl
 .text.I2C_GetFlagStatus_SR1
                0x00000000080009e8       0x26 Drivers/Src/stm32f407xxi2c_drivers.o
                0x00000000080009e8                I2C_GetFlagStatus_SR1
 .text.I2C_ManageAcking
                0x0000000008000a0e       0x36 Drivers/Src/stm32f407xxi2c_drivers.o
                0x0000000008000a0e                I2C_ManageAcking
 .text.I2C_GenerateStartCondition
                0x0000000008000a44       0x1e Drivers/Src/stm32f407xxi2c_drivers.o
                0x0000000008000a44                I2C_GenerateStartCondition
 .text.I2C_GenerateStopCondition
                0x0000000008000a62       0x1e Drivers/Src/stm32f407xxi2c_drivers.o
                0x0000000008000a62                I2C_GenerateStopCondition
 .text.I2C_SendSlaveAddress
                0x0000000008000a80       0x3e Drivers/Src/stm32f407xxi2c_drivers.o
 .text.I2C_ClearADDRFlag
                0x0000000008000abe       0x6e Drivers/Src/stm32f407xxi2c_drivers.o
                0x0000000008000abe                I2C_ClearADDRFlag
 .text.RCC_GetPCLK1Value
                0x0000000008000b2c       0xb0 Drivers/Src/stm32f407xxrcc_drivers.o
                0x0000000008000b2c                RCC_GetPCLK1Value
 .text.RCC_GetPLLOutputClock
                0x0000000008000bdc        0xe Drivers/Src/stm32f407xxrcc_drivers.o
                0x0000000008000bdc                RCC_GetPLLOutputClock
 *fill*         0x0000000008000bea        0x2 
 .text.SSD1306_Init
                0x0000000008000bec      0x16c OLED_Drivers/Src/ssd1306.o
                0x0000000008000bec                SSD1306_Init
 .text.SSD1306_UpdateScreen
                0x0000000008000d58       0x5c OLED_Drivers/Src/ssd1306.o
                0x0000000008000d58                SSD1306_UpdateScreen
 .text.SSD1306_Fill
                0x0000000008000db4       0x30 OLED_Drivers/Src/ssd1306.o
                0x0000000008000db4                SSD1306_Fill
 .text.SSD1306_DrawPixel
                0x0000000008000de4       0xbc OLED_Drivers/Src/ssd1306.o
                0x0000000008000de4                SSD1306_DrawPixel
 .text.SSD1306_GotoXY
                0x0000000008000ea0       0x2c OLED_Drivers/Src/ssd1306.o
                0x0000000008000ea0                SSD1306_GotoXY
 .text.SSD1306_Putc
                0x0000000008000ecc      0x100 OLED_Drivers/Src/ssd1306.o
                0x0000000008000ecc                SSD1306_Putc
 .text.SSD1306_Puts
                0x0000000008000fcc       0x4a OLED_Drivers/Src/ssd1306.o
                0x0000000008000fcc                SSD1306_Puts
 .text.SSD1306_Clear
                0x0000000008001016       0x12 OLED_Drivers/Src/ssd1306.o
                0x0000000008001016                SSD1306_Clear
 .text.ssd1306_I2C_Init
                0x0000000008001028       0x28 OLED_Drivers/Src/ssd1306.o
                0x0000000008001028                ssd1306_I2C_Init
 .text.ssd1306_I2C_WriteMulti
                0x0000000008001050       0x90 OLED_Drivers/Src/ssd1306.o
                0x0000000008001050                ssd1306_I2C_WriteMulti
 .text.ssd1306_I2C_Write
                0x00000000080010e0       0x3c OLED_Drivers/Src/ssd1306.o
                0x00000000080010e0                ssd1306_I2C_Write
 .text.I2C1_GPIOInits
                0x000000000800111c       0x44 Src/201_I2C_Master_Tx_Testing.o
                0x000000000800111c                I2C1_GPIOInits
 .text.I2C1_Inits
                0x0000000008001160       0x38 Src/201_I2C_Master_Tx_Testing.o
                0x0000000008001160                I2C1_Inits
 .text.GPIO_ButtonInit
                0x0000000008001198       0x54 Src/201_I2C_Master_Tx_Testing.o
                0x0000000008001198                GPIO_ButtonInit
 .text.main     0x00000000080011ec      0x150 Src/201_I2C_Master_Tx_Testing.o
                0x00000000080011ec                main
 .text.Reset_Handler
                0x000000000800133c       0x50 Startup/startup_stm32f407vgtx.o
                0x000000000800133c                Reset_Handler
 .text.Default_Handler
                0x000000000800138c        0x2 Startup/startup_stm32f407vgtx.o
                0x000000000800138c                RTC_Alarm_IRQHandler
                0x000000000800138c                HASH_RNG_IRQHandler
                0x000000000800138c                EXTI2_IRQHandler
                0x000000000800138c                TIM8_CC_IRQHandler
                0x000000000800138c                DebugMon_Handler
                0x000000000800138c                TIM1_CC_IRQHandler
                0x000000000800138c                DMA2_Stream5_IRQHandler
                0x000000000800138c                HardFault_Handler
                0x000000000800138c                DMA1_Stream5_IRQHandler
                0x000000000800138c                SysTick_Handler
                0x000000000800138c                PVD_IRQHandler
                0x000000000800138c                SDIO_IRQHandler
                0x000000000800138c                TAMP_STAMP_IRQHandler
                0x000000000800138c                PendSV_Handler
                0x000000000800138c                NMI_Handler
                0x000000000800138c                CAN2_RX1_IRQHandler
                0x000000000800138c                EXTI3_IRQHandler
                0x000000000800138c                TIM8_TRG_COM_TIM14_IRQHandler
                0x000000000800138c                TIM1_UP_TIM10_IRQHandler
                0x000000000800138c                TIM8_UP_TIM13_IRQHandler
                0x000000000800138c                I2C3_ER_IRQHandler
                0x000000000800138c                LCD_TFT_IRQHandler
                0x000000000800138c                EXTI0_IRQHandler
                0x000000000800138c                I2C2_EV_IRQHandler
                0x000000000800138c                DMA1_Stream2_IRQHandler
                0x000000000800138c                CAN1_RX0_IRQHandler
                0x000000000800138c                FPU_IRQHandler
                0x000000000800138c                OTG_HS_WKUP_IRQHandler
                0x000000000800138c                UsageFault_Handler
                0x000000000800138c                CAN2_SCE_IRQHandler
                0x000000000800138c                DMA2_Stream2_IRQHandler
                0x000000000800138c                SPI1_IRQHandler
                0x000000000800138c                TIM6_DAC_IRQHandler
                0x000000000800138c                TIM1_BRK_TIM9_IRQHandler
                0x000000000800138c                DCMI_IRQHandler
                0x000000000800138c                CAN2_RX0_IRQHandler
                0x000000000800138c                DMA2_Stream3_IRQHandler
                0x000000000800138c                USART6_IRQHandler
                0x000000000800138c                USART3_IRQHandler
                0x000000000800138c                CRYP_IRQHandler
                0x000000000800138c                CAN1_RX1_IRQHandler
                0x000000000800138c                UART5_IRQHandler
                0x000000000800138c                DMA2_Stream0_IRQHandler
                0x000000000800138c                TIM4_IRQHandler
                0x000000000800138c                I2C1_EV_IRQHandler
                0x000000000800138c                DMA1_Stream6_IRQHandler
                0x000000000800138c                DMA1_Stream1_IRQHandler
                0x000000000800138c                UART4_IRQHandler
                0x000000000800138c                LCD_TFT_1_IRQHandler
                0x000000000800138c                TIM3_IRQHandler
                0x000000000800138c                RCC_IRQHandler
                0x000000000800138c                TIM8_BRK_TIM12_IRQHandler
                0x000000000800138c                Default_Handler
                0x000000000800138c                EXTI15_10_IRQHandler
                0x000000000800138c                ADC_IRQHandler
                0x000000000800138c                DMA1_Stream7_IRQHandler
                0x000000000800138c                TIM7_IRQHandler
                0x000000000800138c                CAN2_TX_IRQHandler
                0x000000000800138c                TIM5_IRQHandler
                0x000000000800138c                DMA2_Stream7_IRQHandler
                0x000000000800138c                I2C3_EV_IRQHandler
                0x000000000800138c                EXTI9_5_IRQHandler
                0x000000000800138c                RTC_WKUP_IRQHandler
                0x000000000800138c                ETH_WKUP_IRQHandler
                0x000000000800138c                SPI2_IRQHandler
                0x000000000800138c                OTG_HS_EP1_IN_IRQHandler
                0x000000000800138c                MemManage_Handler
                0x000000000800138c                DMA1_Stream0_IRQHandler
                0x000000000800138c                CAN1_TX_IRQHandler
                0x000000000800138c                SVC_Handler
                0x000000000800138c                EXTI4_IRQHandler
                0x000000000800138c                FSMC_IRQHandler
                0x000000000800138c                ETH_IRQHandler
                0x000000000800138c                OTG_HS_EP1_OUT_IRQHandler
                0x000000000800138c                WWDG_IRQHandler
                0x000000000800138c                TIM2_IRQHandler
                0x000000000800138c                OTG_FS_WKUP_IRQHandler
                0x000000000800138c                TIM1_TRG_COM_TIM11_IRQHandler
                0x000000000800138c                OTG_HS_IRQHandler
                0x000000000800138c                EXTI1_IRQHandler
                0x000000000800138c                USART2_IRQHandler
                0x000000000800138c                I2C2_ER_IRQHandler
                0x000000000800138c                DMA2_Stream1_IRQHandler
                0x000000000800138c                CAN1_SCE_IRQHandler
                0x000000000800138c                DMA2_Stream4_IRQHandler
                0x000000000800138c                BusFault_Handler
                0x000000000800138c                USART1_IRQHandler
                0x000000000800138c                OTG_FS_IRQHandler
                0x000000000800138c                SPI3_IRQHandler
                0x000000000800138c                DMA1_Stream4_IRQHandler
                0x000000000800138c                I2C1_ER_IRQHandler
                0x000000000800138c                DMA2_Stream6_IRQHandler
                0x000000000800138c                DMA1_Stream3_IRQHandler
 *fill*         0x000000000800138e        0x2 
 .text.__libc_init_array
                0x0000000008001390       0x48 c:/st/stm32cubeide_1.0.0/stm32cubeide/plugins/com.st.stm32cube.ide.mcu.externaltools.gnu-tools-for-stm32.7-2018-q2-update.win32_1.0.0.201904181610/tools/bin/../lib/gcc/arm-none-eabi/7.3.1/../../../../arm-none-eabi/lib/thumb/v7e-m\libc_nano.a(lib_a-init.o)
                0x0000000008001390                __libc_init_array
 .text.memset   0x00000000080013d8       0x10 c:/st/stm32cubeide_1.0.0/stm32cubeide/plugins/com.st.stm32cube.ide.mcu.externaltools.gnu-tools-for-stm32.7-2018-q2-update.win32_1.0.0.201904181610/tools/bin/../lib/gcc/arm-none-eabi/7.3.1/../../../../arm-none-eabi/lib/thumb/v7e-m\libc_nano.a(lib_a-memset.o)
                0x00000000080013d8                memset
 *(.glue_7)
 .glue_7        0x00000000080013e8        0x0 linker stubs
 *(.glue_7t)
 .glue_7t       0x00000000080013e8        0x0 linker stubs
 *(.eh_frame)
 .eh_frame      0x00000000080013e8        0x0 c:/st/stm32cubeide_1.0.0/stm32cubeide/plugins/com.st.stm32cube.ide.mcu.externaltools.gnu-tools-for-stm32.7-2018-q2-update.win32_1.0.0.201904181610/tools/bin/../lib/gcc/arm-none-eabi/7.3.1/thumb/v7e-m/crtbegin.o
 *(.init)
 .init          0x00000000080013e8        0x4 c:/st/stm32cubeide_1.0.0/stm32cubeide/plugins/com.st.stm32cube.ide.mcu.externaltools.gnu-tools-for-stm32.7-2018-q2-update.win32_1.0.0.201904181610/tools/bin/../lib/gcc/arm-none-eabi/7.3.1/thumb/v7e-m/crti.o
                0x00000000080013e8                _init
 .init          0x00000000080013ec        0x8 c:/st/stm32cubeide_1.0.0/stm32cubeide/plugins/com.st.stm32cube.ide.mcu.externaltools.gnu-tools-for-stm32.7-2018-q2-update.win32_1.0.0.201904181610/tools/bin/../lib/gcc/arm-none-eabi/7.3.1/thumb/v7e-m/crtn.o
 *(.fini)
 .fini          0x00000000080013f4        0x4 c:/st/stm32cubeide_1.0.0/stm32cubeide/plugins/com.st.stm32cube.ide.mcu.externaltools.gnu-tools-for-stm32.7-2018-q2-update.win32_1.0.0.201904181610/tools/bin/../lib/gcc/arm-none-eabi/7.3.1/thumb/v7e-m/crti.o
                0x00000000080013f4                _fini
 .fini          0x00000000080013f8        0x8 c:/st/stm32cubeide_1.0.0/stm32cubeide/plugins/com.st.stm32cube.ide.mcu.externaltools.gnu-tools-for-stm32.7-2018-q2-update.win32_1.0.0.201904181610/tools/bin/../lib/gcc/arm-none-eabi/7.3.1/thumb/v7e-m/crtn.o
                0x0000000008001400                . = ALIGN (0x4)
                0x0000000008001400                _etext = .

.vfp11_veneer   0x0000000008001400        0x0
 .vfp11_veneer  0x0000000008001400        0x0 linker stubs

.v4_bx          0x0000000008001400        0x0
 .v4_bx         0x0000000008001400        0x0 linker stubs

.iplt           0x0000000008001400        0x0
 .iplt          0x0000000008001400        0x0 c:/st/stm32cubeide_1.0.0/stm32cubeide/plugins/com.st.stm32cube.ide.mcu.externaltools.gnu-tools-for-stm32.7-2018-q2-update.win32_1.0.0.201904181610/tools/bin/../lib/gcc/arm-none-eabi/7.3.1/thumb/v7e-m/crtbegin.o

.rodata         0x0000000008001400     0x2854
                0x0000000008001400                . = ALIGN (0x4)
 *(.rodata)
 .rodata        0x0000000008001400       0x3e Src/201_I2C_Master_Tx_Testing.o
 *(.rodata*)
 *fill*         0x000000000800143e        0x2 
 .rodata.Font7x10
                0x0000000008001440      0x76c OLED_Drivers/Src/fonts.o
                0x0000000008001440                Font7x10
 .rodata.Font11x18
                0x0000000008001bac      0xd5c OLED_Drivers/Src/fonts.o
                0x0000000008001bac                Font11x18
 .rodata.Font16x26
                0x0000000008002908     0x134c OLED_Drivers/Src/fonts.o
                0x0000000008002908                Font16x26
                0x0000000008003c54                . = ALIGN (0x4)

.rel.dyn        0x0000000008003c54        0x0
 .rel.iplt      0x0000000008003c54        0x0 c:/st/stm32cubeide_1.0.0/stm32cubeide/plugins/com.st.stm32cube.ide.mcu.externaltools.gnu-tools-for-stm32.7-2018-q2-update.win32_1.0.0.201904181610/tools/bin/../lib/gcc/arm-none-eabi/7.3.1/thumb/v7e-m/crtbegin.o

.ARM.extab      0x0000000008003c54        0x0
                0x0000000008003c54                . = ALIGN (0x4)
 *(.ARM.extab* .gnu.linkonce.armextab.*)
                0x0000000008003c54                . = ALIGN (0x4)

.ARM            0x0000000008003c54        0x0
                0x0000000008003c54                . = ALIGN (0x4)
                0x0000000008003c54                __exidx_start = .
 *(.ARM.exidx*)
                0x0000000008003c54                __exidx_end = .
                0x0000000008003c54                . = ALIGN (0x4)

.preinit_array  0x0000000008003c54        0x0
                0x0000000008003c54                . = ALIGN (0x4)
                0x0000000008003c54                PROVIDE (__preinit_array_start = .)
 *(.preinit_array*)
                0x0000000008003c54                PROVIDE (__preinit_array_end = .)
                0x0000000008003c54                . = ALIGN (0x4)

.init_array     0x0000000008003c54        0x4
                0x0000000008003c54                . = ALIGN (0x4)
                0x0000000008003c54                PROVIDE (__init_array_start = .)
 *(SORT_BY_NAME(.init_array.*))
 *(.init_array*)
 .init_array    0x0000000008003c54        0x4 c:/st/stm32cubeide_1.0.0/stm32cubeide/plugins/com.st.stm32cube.ide.mcu.externaltools.gnu-tools-for-stm32.7-2018-q2-update.win32_1.0.0.201904181610/tools/bin/../lib/gcc/arm-none-eabi/7.3.1/thumb/v7e-m/crtbegin.o
                0x0000000008003c58                PROVIDE (__init_array_end = .)
                0x0000000008003c58                . = ALIGN (0x4)

.fini_array     0x0000000008003c58        0x4
                0x0000000008003c58                . = ALIGN (0x4)
                [!provide]                        PROVIDE (__fini_array_start = .)
 *(SORT_BY_NAME(.fini_array.*))
 *(.fini_array*)
 .fini_array    0x0000000008003c58        0x4 c:/st/stm32cubeide_1.0.0/stm32cubeide/plugins/com.st.stm32cube.ide.mcu.externaltools.gnu-tools-for-stm32.7-2018-q2-update.win32_1.0.0.201904181610/tools/bin/../lib/gcc/arm-none-eabi/7.3.1/thumb/v7e-m/crtbegin.o
                [!provide]                        PROVIDE (__fini_array_end = .)
                0x0000000008003c5c                . = ALIGN (0x4)
                0x0000000008003c5c                _sidata = LOADADDR (.data)

.data           0x0000000020000000       0x2c load address 0x0000000008003c5c
                0x0000000020000000                . = ALIGN (0x4)
                0x0000000020000000                _sdata = .
 *(.data)
 *(.data*)
 .data.AHB_PreScaler
                0x0000000020000000       0x10 Drivers/Src/stm32f407xxrcc_drivers.o
                0x0000000020000000                AHB_PreScaler
 .data.APB1_PreScaler
                0x0000000020000010        0x4 Drivers/Src/stm32f407xxrcc_drivers.o
                0x0000000020000010                APB1_PreScaler
 .data.Font_7x10
                0x0000000020000014        0x8 OLED_Drivers/Src/fonts.o
                0x0000000020000014                Font_7x10
 .data.Font_11x18
                0x000000002000001c        0x8 OLED_Drivers/Src/fonts.o
                0x000000002000001c                Font_11x18
 .data.Font_16x26
                0x0000000020000024        0x8 OLED_Drivers/Src/fonts.o
                0x0000000020000024                Font_16x26
                0x000000002000002c                . = ALIGN (0x4)
                0x000000002000002c                _edata = .

.igot.plt       0x000000002000002c        0x0 load address 0x0000000008003c88
 .igot.plt      0x000000002000002c        0x0 c:/st/stm32cubeide_1.0.0/stm32cubeide/plugins/com.st.stm32cube.ide.mcu.externaltools.gnu-tools-for-stm32.7-2018-q2-update.win32_1.0.0.201904181610/tools/bin/../lib/gcc/arm-none-eabi/7.3.1/thumb/v7e-m/crtbegin.o
                0x000000002000002c                . = ALIGN (0x4)

.bss            0x000000002000002c      0x44c load address 0x0000000008003c88
                0x000000002000002c                _sbss = .
                0x000000002000002c                __bss_start__ = _sbss
 *(.bss)
 .bss           0x000000002000002c       0x1c c:/st/stm32cubeide_1.0.0/stm32cubeide/plugins/com.st.stm32cube.ide.mcu.externaltools.gnu-tools-for-stm32.7-2018-q2-update.win32_1.0.0.201904181610/tools/bin/../lib/gcc/arm-none-eabi/7.3.1/thumb/v7e-m/crtbegin.o
 *(.bss*)
 .bss.SSD1306_Buffer
                0x0000000020000048      0x400 OLED_Drivers/Src/ssd1306.o
 .bss.SSD1306   0x0000000020000448        0x6 OLED_Drivers/Src/ssd1306.o
 *(COMMON)
 *fill*         0x000000002000044e        0x2 
 COMMON         0x0000000020000450       0x28 Src/201_I2C_Master_Tx_Testing.o
                0x0000000020000450                I2C1Handle
                0x0000000020000478                . = ALIGN (0x4)
                0x0000000020000478                _ebss = .
                0x0000000020000478                __bss_end__ = _ebss

._user_heap_stack
                0x0000000020000478      0x600 load address 0x0000000008003c88
                0x0000000020000478                . = ALIGN (0x8)
                0x0000000020000478                PROVIDE (end = .)
                [!provide]                        PROVIDE (_end = .)
                0x0000000020000678                . = (. + _Min_Heap_Size)
 *fill*         0x0000000020000478      0x200 
                0x0000000020000a78                . = (. + _Min_Stack_Size)
 *fill*         0x0000000020000678      0x400 
                0x0000000020000a78                . = ALIGN (0x8)

/DISCARD/
 libc.a(*)
 libm.a(*)
 libgcc.a(*)

.ARM.attributes
                0x0000000000000000       0x2a
 *(.ARM.attributes)
 .ARM.attributes
                0x0000000000000000       0x1e c:/st/stm32cubeide_1.0.0/stm32cubeide/plugins/com.st.stm32cube.ide.mcu.externaltools.gnu-tools-for-stm32.7-2018-q2-update.win32_1.0.0.201904181610/tools/bin/../lib/gcc/arm-none-eabi/7.3.1/thumb/v7e-m/crti.o
 .ARM.attributes
                0x000000000000001e       0x2e c:/st/stm32cubeide_1.0.0/stm32cubeide/plugins/com.st.stm32cube.ide.mcu.externaltools.gnu-tools-for-stm32.7-2018-q2-update.win32_1.0.0.201904181610/tools/bin/../lib/gcc/arm-none-eabi/7.3.1/thumb/v7e-m/crtbegin.o
 .ARM.attributes
                0x000000000000004c       0x33 Drivers/Src/stm32f407xxgpio_drivers.o
 .ARM.attributes
                0x000000000000007f       0x33 Drivers/Src/stm32f407xxi2c_drivers.o
 .ARM.attributes
                0x00000000000000b2       0x33 Drivers/Src/stm32f407xxrcc_drivers.o
 .ARM.attributes
                0x00000000000000e5       0x33 OLED_Drivers/Src/fonts.o
 .ARM.attributes
                0x0000000000000118       0x33 OLED_Drivers/Src/ssd1306.o
 .ARM.attributes
                0x000000000000014b       0x33 Src/201_I2C_Master_Tx_Testing.o
 .ARM.attributes
                0x000000000000017e       0x21 Startup/startup_stm32f407vgtx.o
 .ARM.attributes
                0x000000000000019f       0x2e c:/st/stm32cubeide_1.0.0/stm32cubeide/plugins/com.st.stm32cube.ide.mcu.externaltools.gnu-tools-for-stm32.7-2018-q2-update.win32_1.0.0.201904181610/tools/bin/../lib/gcc/arm-none-eabi/7.3.1/../../../../arm-none-eabi/lib/thumb/v7e-m\libc_nano.a(lib_a-init.o)
 .ARM.attributes
                0x00000000000001cd       0x2e c:/st/stm32cubeide_1.0.0/stm32cubeide/plugins/com.st.stm32cube.ide.mcu.externaltools.gnu-tools-for-stm32.7-2018-q2-update.win32_1.0.0.201904181610/tools/bin/../lib/gcc/arm-none-eabi/7.3.1/../../../../arm-none-eabi/lib/thumb/v7e-m\libc_nano.a(lib_a-memset.o)
 .ARM.attributes
                0x00000000000001fb       0x1e c:/st/stm32cubeide_1.0.0/stm32cubeide/plugins/com.st.stm32cube.ide.mcu.externaltools.gnu-tools-for-stm32.7-2018-q2-update.win32_1.0.0.201904181610/tools/bin/../lib/gcc/arm-none-eabi/7.3.1/thumb/v7e-m/crtn.o
OUTPUT(stm32f4xx1306_oled_drivers.elf elf32-littlearm)

.debug_info     0x0000000000000000     0x59cc
 .debug_info    0x0000000000000000      0xf52 Drivers/Src/stm32f407xxgpio_drivers.o
 .debug_info    0x0000000000000f52     0x12ab Drivers/Src/stm32f407xxi2c_drivers.o
 .debug_info    0x00000000000021fd      0xbab Drivers/Src/stm32f407xxrcc_drivers.o
 .debug_info    0x0000000000002da8      0xa38 OLED_Drivers/Src/fonts.o
 .debug_info    0x00000000000037e0     0x146a OLED_Drivers/Src/ssd1306.o
 .debug_info    0x0000000000004c4a      0xd60 Src/201_I2C_Master_Tx_Testing.o
 .debug_info    0x00000000000059aa       0x22 Startup/startup_stm32f407vgtx.o

.debug_abbrev   0x0000000000000000      0xd94
 .debug_abbrev  0x0000000000000000      0x224 Drivers/Src/stm32f407xxgpio_drivers.o
 .debug_abbrev  0x0000000000000224      0x2bd Drivers/Src/stm32f407xxi2c_drivers.o
 .debug_abbrev  0x00000000000004e1      0x1d1 Drivers/Src/stm32f407xxrcc_drivers.o
 .debug_abbrev  0x00000000000006b2      0x1bd OLED_Drivers/Src/fonts.o
 .debug_abbrev  0x000000000000086f      0x307 OLED_Drivers/Src/ssd1306.o
 .debug_abbrev  0x0000000000000b76      0x20c Src/201_I2C_Master_Tx_Testing.o
 .debug_abbrev  0x0000000000000d82       0x12 Startup/startup_stm32f407vgtx.o

.debug_aranges  0x0000000000000000      0x318
 .debug_aranges
                0x0000000000000000       0x78 Drivers/Src/stm32f407xxgpio_drivers.o
 .debug_aranges
                0x0000000000000078       0xf0 Drivers/Src/stm32f407xxi2c_drivers.o
 .debug_aranges
                0x0000000000000168       0x30 Drivers/Src/stm32f407xxrcc_drivers.o
 .debug_aranges
                0x0000000000000198       0x20 OLED_Drivers/Src/fonts.o
 .debug_aranges
                0x00000000000001b8       0xf8 OLED_Drivers/Src/ssd1306.o
 .debug_aranges
                0x00000000000002b0       0x40 Src/201_I2C_Master_Tx_Testing.o
 .debug_aranges
                0x00000000000002f0       0x28 Startup/startup_stm32f407vgtx.o

.debug_ranges   0x0000000000000000      0x2b0
 .debug_ranges  0x0000000000000000       0x68 Drivers/Src/stm32f407xxgpio_drivers.o
 .debug_ranges  0x0000000000000068       0xe0 Drivers/Src/stm32f407xxi2c_drivers.o
 .debug_ranges  0x0000000000000148       0x20 Drivers/Src/stm32f407xxrcc_drivers.o
 .debug_ranges  0x0000000000000168       0x10 OLED_Drivers/Src/fonts.o
 .debug_ranges  0x0000000000000178       0xe8 OLED_Drivers/Src/ssd1306.o
 .debug_ranges  0x0000000000000260       0x30 Src/201_I2C_Master_Tx_Testing.o
 .debug_ranges  0x0000000000000290       0x20 Startup/startup_stm32f407vgtx.o

.debug_macro    0x0000000000000000     0x3a38
 .debug_macro   0x0000000000000000      0x183 Drivers/Src/stm32f407xxgpio_drivers.o
 .debug_macro   0x0000000000000183      0xa66 Drivers/Src/stm32f407xxgpio_drivers.o
 .debug_macro   0x0000000000000be9      0x174 Drivers/Src/stm32f407xxgpio_drivers.o
 .debug_macro   0x0000000000000d5d       0x22 Drivers/Src/stm32f407xxgpio_drivers.o
 .debug_macro   0x0000000000000d7f       0x8e Drivers/Src/stm32f407xxgpio_drivers.o
 .debug_macro   0x0000000000000e0d       0x51 Drivers/Src/stm32f407xxgpio_drivers.o
 .debug_macro   0x0000000000000e5e       0xef Drivers/Src/stm32f407xxgpio_drivers.o
 .debug_macro   0x0000000000000f4d       0x6a Drivers/Src/stm32f407xxgpio_drivers.o
 .debug_macro   0x0000000000000fb7      0x1df Drivers/Src/stm32f407xxgpio_drivers.o
 .debug_macro   0x0000000000001196       0x46 Drivers/Src/stm32f407xxgpio_drivers.o
 .debug_macro   0x00000000000011dc       0x18 Drivers/Src/stm32f407xxgpio_drivers.o
 .debug_macro   0x00000000000011f4       0x3c Drivers/Src/stm32f407xxgpio_drivers.o
 .debug_macro   0x0000000000001230       0x34 Drivers/Src/stm32f407xxgpio_drivers.o
 .debug_macro   0x0000000000001264       0x52 Drivers/Src/stm32f407xxgpio_drivers.o
 .debug_macro   0x00000000000012b6       0x1f Drivers/Src/stm32f407xxgpio_drivers.o
 .debug_macro   0x00000000000012d5       0x43 Drivers/Src/stm32f407xxgpio_drivers.o
 .debug_macro   0x0000000000001318       0x20 Drivers/Src/stm32f407xxgpio_drivers.o
 .debug_macro   0x0000000000001338      0x1a3 Drivers/Src/stm32f407xxgpio_drivers.o
 .debug_macro   0x00000000000014db      0x330 Drivers/Src/stm32f407xxgpio_drivers.o
 .debug_macro   0x000000000000180b       0x10 Drivers/Src/stm32f407xxgpio_drivers.o
 .debug_macro   0x000000000000181b       0x35 Drivers/Src/stm32f407xxgpio_drivers.o
 .debug_macro   0x0000000000001850       0x20 Drivers/Src/stm32f407xxgpio_drivers.o
 .debug_macro   0x0000000000001870      0xb76 Drivers/Src/stm32f407xxgpio_drivers.o
 .debug_macro   0x00000000000023e6       0xd6 Drivers/Src/stm32f407xxgpio_drivers.o
 .debug_macro   0x00000000000024bc      0x112 Drivers/Src/stm32f407xxgpio_drivers.o
 .debug_macro   0x00000000000025ce      0x11c Drivers/Src/stm32f407xxgpio_drivers.o
 .debug_macro   0x00000000000026ea      0x13c Drivers/Src/stm32f407xxgpio_drivers.o
 .debug_macro   0x0000000000002826      0x183 Drivers/Src/stm32f407xxi2c_drivers.o
 .debug_macro   0x00000000000029a9       0xdc Drivers/Src/stm32f407xxi2c_drivers.o
 .debug_macro   0x0000000000002a85      0x10c Drivers/Src/stm32f407xxi2c_drivers.o
 .debug_macro   0x0000000000002b91      0x17d Drivers/Src/stm32f407xxrcc_drivers.o
 .debug_macro   0x0000000000002d0e      0x183 OLED_Drivers/Src/fonts.o
 .debug_macro   0x0000000000002e91      0x20e OLED_Drivers/Src/ssd1306.o
 .debug_macro   0x000000000000309f       0x16 OLED_Drivers/Src/ssd1306.o
 .debug_macro   0x00000000000030b5       0x16 OLED_Drivers/Src/ssd1306.o
 .debug_macro   0x00000000000030cb       0x29 OLED_Drivers/Src/ssd1306.o
 .debug_macro   0x00000000000030f4       0x1d OLED_Drivers/Src/ssd1306.o
 .debug_macro   0x0000000000003111      0x293 Src/201_I2C_Master_Tx_Testing.o
 .debug_macro   0x00000000000033a4       0x40 Src/201_I2C_Master_Tx_Testing.o
 .debug_macro   0x00000000000033e4       0x94 Src/201_I2C_Master_Tx_Testing.o
 .debug_macro   0x0000000000003478       0x16 Src/201_I2C_Master_Tx_Testing.o
 .debug_macro   0x000000000000348e       0x57 Src/201_I2C_Master_Tx_Testing.o
 .debug_macro   0x00000000000034e5       0x97 Src/201_I2C_Master_Tx_Testing.o
 .debug_macro   0x000000000000357c       0xfd Src/201_I2C_Master_Tx_Testing.o
 .debug_macro   0x0000000000003679       0x10 Src/201_I2C_Master_Tx_Testing.o
 .debug_macro   0x0000000000003689       0x10 Src/201_I2C_Master_Tx_Testing.o
 .debug_macro   0x0000000000003699       0x1c Src/201_I2C_Master_Tx_Testing.o
 .debug_macro   0x00000000000036b5       0x52 Src/201_I2C_Master_Tx_Testing.o
 .debug_macro   0x0000000000003707       0x40 Src/201_I2C_Master_Tx_Testing.o
 .debug_macro   0x0000000000003747       0x10 Src/201_I2C_Master_Tx_Testing.o
 .debug_macro   0x0000000000003757       0x40 Src/201_I2C_Master_Tx_Testing.o
 .debug_macro   0x0000000000003797       0xd7 Src/201_I2C_Master_Tx_Testing.o
 .debug_macro   0x000000000000386e       0x1c Src/201_I2C_Master_Tx_Testing.o
 .debug_macro   0x000000000000388a       0x3d Src/201_I2C_Master_Tx_Testing.o
 .debug_macro   0x00000000000038c7       0x16 Src/201_I2C_Master_Tx_Testing.o
 .debug_macro   0x00000000000038dd      0x145 Src/201_I2C_Master_Tx_Testing.o
 .debug_macro   0x0000000000003a22       0x16 Src/201_I2C_Master_Tx_Testing.o

.debug_line     0x0000000000000000     0x3263
 .debug_line    0x0000000000000000      0x834 Drivers/Src/stm32f407xxgpio_drivers.o
 .debug_line    0x0000000000000834      0x9ca Drivers/Src/stm32f407xxi2c_drivers.o
 .debug_line    0x00000000000011fe      0x63d Drivers/Src/stm32f407xxrcc_drivers.o
 .debug_line    0x000000000000183b      0x665 OLED_Drivers/Src/fonts.o
 .debug_line    0x0000000000001ea0      0xb0d OLED_Drivers/Src/ssd1306.o
 .debug_line    0x00000000000029ad      0x832 Src/201_I2C_Master_Tx_Testing.o
 .debug_line    0x00000000000031df       0x84 Startup/startup_stm32f407vgtx.o

.debug_str      0x0000000000000000     0xd241
 .debug_str     0x0000000000000000     0xb3ed Drivers/Src/stm32f407xxgpio_drivers.o
                                       0xb670 (size before relaxing)
 .debug_str     0x000000000000b3ed      0x3c5 Drivers/Src/stm32f407xxi2c_drivers.o
                                       0xb7a1 (size before relaxing)
 .debug_str     0x000000000000b7b2       0xc1 Drivers/Src/stm32f407xxrcc_drivers.o
                                       0xb445 (size before relaxing)
 .debug_str     0x000000000000b873       0xbc OLED_Drivers/Src/fonts.o
                                       0xb279 (size before relaxing)
 .debug_str     0x000000000000b92f      0x691 OLED_Drivers/Src/ssd1306.o
                                       0xb9bf (size before relaxing)
 .debug_str     0x000000000000bfc0     0x1250 Src/201_I2C_Master_Tx_Testing.o
                                       0xc7bc (size before relaxing)
 .debug_str     0x000000000000d210       0x31 Startup/startup_stm32f407vgtx.o
                                         0x8e (size before relaxing)

.comment        0x0000000000000000       0x7b
 .comment       0x0000000000000000       0x7b Drivers/Src/stm32f407xxgpio_drivers.o
                                         0x7c (size before relaxing)
 .comment       0x000000000000007b       0x7c Drivers/Src/stm32f407xxi2c_drivers.o
 .comment       0x000000000000007b       0x7c Drivers/Src/stm32f407xxrcc_drivers.o
 .comment       0x000000000000007b       0x7c OLED_Drivers/Src/fonts.o
 .comment       0x000000000000007b       0x7c OLED_Drivers/Src/ssd1306.o
 .comment       0x000000000000007b       0x7c Src/201_I2C_Master_Tx_Testing.o

.debug_frame    0x0000000000000000      0xbe0
 .debug_frame   0x0000000000000000      0x1f0 Drivers/Src/stm32f407xxgpio_drivers.o
 .debug_frame   0x00000000000001f0      0x420 Drivers/Src/stm32f407xxi2c_drivers.o
 .debug_frame   0x0000000000000610       0x7c Drivers/Src/stm32f407xxrcc_drivers.o
 .debug_frame   0x000000000000068c       0x38 OLED_Drivers/Src/fonts.o
 .debug_frame   0x00000000000006c4      0x414 OLED_Drivers/Src/ssd1306.o
 .debug_frame   0x0000000000000ad8       0xbc Src/201_I2C_Master_Tx_Testing.o
 .debug_frame   0x0000000000000b94       0x2c c:/st/stm32cubeide_1.0.0/stm32cubeide/plugins/com.st.stm32cube.ide.mcu.externaltools.gnu-tools-for-stm32.7-2018-q2-update.win32_1.0.0.201904181610/tools/bin/../lib/gcc/arm-none-eabi/7.3.1/../../../../arm-none-eabi/lib/thumb/v7e-m\libc_nano.a(lib_a-init.o)
 .debug_frame   0x0000000000000bc0       0x20 c:/st/stm32cubeide_1.0.0/stm32cubeide/plugins/com.st.stm32cube.ide.mcu.externaltools.gnu-tools-for-stm32.7-2018-q2-update.win32_1.0.0.201904181610/tools/bin/../lib/gcc/arm-none-eabi/7.3.1/../../../../arm-none-eabi/lib/thumb/v7e-m\libc_nano.a(lib_a-memset.o)
